// Jest Snapshot v1, https://goo.gl/fbAQLP

exports[`<Checkbox /> renders without crashing 1`] = `
Object {
  "asFragment": [Function],
  "baseElement": <body>
    <div>
      <div
        class="flex items-center undefined"
        data-testid="checkbox-component"
      >
        <input
          checked=""
          class="mr-3 transform scale-110 border-0 outline accent-brand-pink-100 cursor-pointer transition-all duration-500 md:hover:scale-125"
          data-testid="checkbox"
          type="checkbox"
        />
        <label
          class="text-base font-normal text-brand-pink-100"
        >
          Show details
        </label>
      </div>
    </div>
  </body>,
  "container": <div>
    <div
      class="flex items-center undefined"
      data-testid="checkbox-component"
    >
      <input
        checked=""
        class="mr-3 transform scale-110 border-0 outline accent-brand-pink-100 cursor-pointer transition-all duration-500 md:hover:scale-125"
        data-testid="checkbox"
        type="checkbox"
      />
      <label
        class="text-base font-normal text-brand-pink-100"
      >
        Show details
      </label>
    </div>
  </div>,
  "debug": [Function],
  "findAllByAltText": [Function],
  "findAllByDisplayValue": [Function],
  "findAllByLabelText": [Function],
  "findAllByPlaceholderText": [Function],
  "findAllByRole": [Function],
  "findAllByTestId": [Function],
  "findAllByText": [Function],
  "findAllByTitle": [Function],
  "findByAltText": [Function],
  "findByDisplayValue": [Function],
  "findByLabelText": [Function],
  "findByPlaceholderText": [Function],
  "findByRole": [Function],
  "findByTestId": [Function],
  "findByText": [Function],
  "findByTitle": [Function],
  "getAllByAltText": [Function],
  "getAllByDisplayValue": [Function],
  "getAllByLabelText": [Function],
  "getAllByPlaceholderText": [Function],
  "getAllByRole": [Function],
  "getAllByTestId": [Function],
  "getAllByText": [Function],
  "getAllByTitle": [Function],
  "getByAltText": [Function],
  "getByDisplayValue": [Function],
  "getByLabelText": [Function],
  "getByPlaceholderText": [Function],
  "getByRole": [Function],
  "getByTestId": [Function],
  "getByText": [Function],
  "getByTitle": [Function],
  "queryAllByAltText": [Function],
  "queryAllByDisplayValue": [Function],
  "queryAllByLabelText": [Function],
  "queryAllByPlaceholderText": [Function],
  "queryAllByRole": [Function],
  "queryAllByTestId": [Function],
  "queryAllByText": [Function],
  "queryAllByTitle": [Function],
  "queryByAltText": [Function],
  "queryByDisplayValue": [Function],
  "queryByLabelText": [Function],
  "queryByPlaceholderText": [Function],
  "queryByRole": [Function],
  "queryByTestId": [Function],
  "queryByText": [Function],
  "queryByTitle": [Function],
  "rerender": [Function],
  "unmount": [Function],
}
`;
